::1 - - [06/Jan/2026:13:37:28 +0000] "POST /api/v1/auth/login HTTP/1.1" 200 662 "-" "PostmanRuntime/7.51.0"
::1 - - [09/Jan/2026:16:32:07 +0000] "POST /api/v1/auth/login HTTP/1.1" 200 662 "-" "PostmanRuntime/7.51.0"
::1 - - [09/Jan/2026:16:32:41 +0000] "POST /api/v1/auth/login HTTP/1.1" 200 662 "-" "PostmanRuntime/7.51.0"
::1 - - [09/Jan/2026:18:42:53 +0000] "POST /api/v1/auth/login HTTP/1.1" 500 460 "-" "PostmanRuntime/7.51.0"
::1 - - [09/Jan/2026:18:43:20 +0000] "POST /api/v1/auth/login HTTP/1.1" 500 460 "-" "PostmanRuntime/7.51.0"
::1 - - [09/Jan/2026:18:45:58 +0000] "POST /api/v1/auth/login HTTP/1.1" 200 662 "-" "PostmanRuntime/7.51.0"
::1 - - [12/Jan/2026:18:18:03 +0000] "POST /api/v1/auth/login HTTP/1.1" 200 662 "-" "PostmanRuntime/7.51.0"
::1 - - [12/Jan/2026:18:52:06 +0000] "POST /api/v1/auth/login HTTP/1.1" 200 662 "-" "PostmanRuntime/7.51.0"
::1 - - [12/Jan/2026:18:52:26 +0000] "POST /api/v1/auth/login HTTP/1.1" 200 662 "-" "PostmanRuntime/7.51.0"
::1 - - [12/Jan/2026:18:52:28 +0000] "POST /api/v1/auth/login HTTP/1.1" 200 662 "-" "PostmanRuntime/7.51.0"
::1 - - [12/Jan/2026:18:52:32 +0000] "POST /api/v1/auth/login HTTP/1.1" 200 662 "-" "PostmanRuntime/7.51.0"
::1 - - [12/Jan/2026:18:52:38 +0000] "POST /api/v1/auth/login HTTP/1.1" 200 662 "-" "PostmanRuntime/7.51.0"
::1 - - [18/Feb/2026:18:05:21 +0000] "POST /api/v1/auth/signup HTTP/1.1" 201 1100 "-" "PostmanRuntime/7.51.1"
::1 - - [18/Feb/2026:18:06:10 +0000] "POST /api/v1/auth/login HTTP/1.1" 400 261 "-" "PostmanRuntime/7.51.1"
::1 - - [18/Feb/2026:18:06:21 +0000] "PATCH /api/v1/auth/confirm-email HTTP/1.1" 400 215 "-" "PostmanRuntime/7.51.1"
::1 - - [18/Feb/2026:18:06:52 +0000] "PATCH /api/v1/auth/confirm-email HTTP/1.1" 200 52 "-" "PostmanRuntime/7.51.1"
::1 - - [18/Feb/2026:18:06:57 +0000] "POST /api/v1/auth/login HTTP/1.1" 200 654 "-" "PostmanRuntime/7.51.1"
::1 - - [18/Feb/2026:18:07:34 +0000] "POST /api/v1/auth/refresh-token HTTP/1.1" 400 1326 "-" "PostmanRuntime/7.51.1"
::1 - - [18/Feb/2026:18:10:55 +0000] "POST /api/v1/auth/logout HTTP/1.1" - - "-" "PostmanRuntime/7.51.1"
::1 - - [18/Feb/2026:18:11:47 +0000] "POST /api/v1/auth/refresh-token HTTP/1.1" 400 1326 "-" "PostmanRuntime/7.51.1"
::1 - - [18/Feb/2026:18:12:29 +0000] "POST /api/v1/auth/login HTTP/1.1" 200 654 "-" "PostmanRuntime/7.51.1"
::1 - - [18/Feb/2026:18:12:59 +0000] "PATCH /api/v1/auth/forget-password HTTP/1.1" 200 63 "-" "PostmanRuntime/7.51.1"
::1 - - [18/Feb/2026:18:14:11 +0000] "PATCH /api/v1/auth/reset-password HTTP/1.1" 404 308 "-" "PostmanRuntime/7.51.1"
::1 - - [18/Feb/2026:18:14:26 +0000] "PATCH /api/v1/auth/reset-password HTTP/1.1" 200 51 "-" "PostmanRuntime/7.51.1"
::1 - - [18/Feb/2026:18:14:54 +0000] "POST /api/v1/auth/login HTTP/1.1" 200 654 "-" "PostmanRuntime/7.51.1"
::1 - - [18/Feb/2026:18:15:29 +0000] "POST /api/v1/auth/logout HTTP/1.1" - - "-" "PostmanRuntime/7.51.1"
::1 - - [18/Feb/2026:18:16:06 +0000] "POST /api/v1/auth/refresh-token HTTP/1.1" 400 1326 "-" "PostmanRuntime/7.51.1"
::1 - - [18/Feb/2026:18:21:43 +0000] "POST /api/v1/auth/signup HTTP/1.1" 409 308 "-" "PostmanRuntime/7.51.1"
::1 - - [18/Feb/2026:18:21:58 +0000] "POST /api/v1/auth/signup HTTP/1.1" 201 1103 "-" "PostmanRuntime/7.51.1"
::1 - - [18/Feb/2026:18:26:32 +0000] "POST /api/v1/auth/login HTTP/1.1" 200 654 "-" "PostmanRuntime/7.51.1"
::1 - - [18/Feb/2026:18:28:50 +0000] "POST /api/v1/auth/logout HTTP/1.1" - - "-" "PostmanRuntime/7.51.1"
::1 - - [18/Feb/2026:18:37:37 +0000] "POST /api/v1/auth/login HTTP/1.1" 200 654 "-" "PostmanRuntime/7.51.1"
::1 - - [18/Feb/2026:18:42:41 +0000] "POST /api/v1/auth/logout HTTP/1.1" - - "-" "PostmanRuntime/7.51.1"
::1 - - [18/Feb/2026:18:44:29 +0000] "POST /api/v1/auth/logout HTTP/1.1" - - "-" "PostmanRuntime/7.51.1"
::1 - - [18/Feb/2026:18:52:47 +0000] "POST /api/v1/auth/logout HTTP/1.1" - - "-" "PostmanRuntime/7.51.1"
::1 - - [18/Feb/2026:18:56:48 +0000] "POST /api/v1/auth/login HTTP/1.1" 200 654 "-" "PostmanRuntime/7.51.1"
::1 - - [18/Feb/2026:18:56:59 +0000] "POST /api/v1/auth/login HTTP/1.1" 200 654 "-" "PostmanRuntime/7.51.1"
::1 - - [18/Feb/2026:18:57:18 +0000] "POST /api/v1/auth/refresh-token HTTP/1.1" 400 1326 "-" "PostmanRuntime/7.51.1"
::1 - - [18/Feb/2026:18:57:32 +0000] "POST /api/v1/auth/refresh-token HTTP/1.1" 400 1326 "-" "PostmanRuntime/7.51.1"
::1 - - [18/Feb/2026:18:57:47 +0000] "POST /api/v1/auth/refresh-token HTTP/1.1" 400 1326 "-" "PostmanRuntime/7.51.1"
::1 - - [18/Feb/2026:18:59:28 +0000] "POST /api/v1/auth/refresh-token HTTP/1.1" 200 655 "-" "PostmanRuntime/7.51.1"
::1 - - [18/Feb/2026:18:59:55 +0000] "POST /api/v1/auth/refresh-token HTTP/1.1" 200 655 "-" "PostmanRuntime/7.51.1"
::1 - - [18/Feb/2026:19:00:06 +0000] "POST /api/v1/auth/login HTTP/1.1" 200 654 "-" "PostmanRuntime/7.51.1"
::1 - - [18/Feb/2026:19:00:57 +0000] "POST /api/v1/auth/logout HTTP/1.1" - - "-" "PostmanRuntime/7.51.1"
::1 - - [18/Feb/2026:19:01:10 +0000] "POST /api/v1/auth/refresh-token HTTP/1.1" 500 944 "-" "PostmanRuntime/7.51.1"
::1 - - [18/Feb/2026:19:01:24 +0000] "POST /api/v1/auth/refresh-token HTTP/1.1" 200 655 "-" "PostmanRuntime/7.51.1"
::1 - - [18/Feb/2026:19:04:19 +0000] "POST /api/v1/auth/refresh-token HTTP/1.1" 200 655 "-" "PostmanRuntime/7.51.1"
::1 - - [18/Feb/2026:19:04:33 +0000] "POST /api/v1/auth/login HTTP/1.1" 200 654 "-" "PostmanRuntime/7.51.1"
::1 - - [18/Feb/2026:19:29:09 +0000] "POST /api/v1/auth/login HTTP/1.1" 200 654 "-" "PostmanRuntime/7.51.1"
::1 - - [18/Feb/2026:20:31:27 +0000] "POST /api/v1/auth/login HTTP/1.1" 200 654 "-" "PostmanRuntime/7.51.1"
::1 - - [18/Feb/2026:21:03:42 +0000] "POST /api/v1/auth/login HTTP/1.1" 200 654 "-" "PostmanRuntime/7.51.1"
::1 - - [18/Feb/2026:21:07:45 +0000] "POST /api/v1/auth/logout HTTP/1.1" - - "-" "PostmanRuntime/7.51.1"
::1 - - [18/Feb/2026:21:09:09 +0000] "POST /api/v1/auth/logout HTTP/1.1" - - "-" "PostmanRuntime/7.51.1"
::1 - - [18/Feb/2026:21:10:35 +0000] "POST /api/v1/auth/logout HTTP/1.1" - - "-" "PostmanRuntime/7.51.1"
::1 - - [19/Feb/2026:12:59:51 +0000] "POST /api/v1/auth/login HTTP/1.1" 200 654 "-" "PostmanRuntime/7.51.1"
::1 - - [19/Feb/2026:13:00:47 +0000] "POST /api/v1/auth/logout HTTP/1.1" 200 52 "-" "PostmanRuntime/7.51.1"
::1 - - [19/Feb/2026:13:01:06 +0000] "POST /api/v1/auth/login HTTP/1.1" 200 654 "-" "PostmanRuntime/7.51.1"
::1 - - [19/Feb/2026:13:01:23 +0000] "POST /api/v1/auth/logout HTTP/1.1" 500 1364 "-" "PostmanRuntime/7.51.1"
::1 - - [19/Feb/2026:13:08:33 +0000] "POST /api/v1/auth/logout HTTP/1.1" 200 52 "-" "PostmanRuntime/7.51.1"
::1 - - [19/Feb/2026:13:10:10 +0000] "POST /api/v1/auth/signup HTTP/1.1" 201 1079 "-" "PostmanRuntime/7.51.1"
::1 - - [19/Feb/2026:13:10:53 +0000] "PATCH /api/v1/auth/confirm-email HTTP/1.1" 200 52 "-" "PostmanRuntime/7.51.1"
::1 - - [19/Feb/2026:13:11:00 +0000] "POST /api/v1/auth/login HTTP/1.1" 200 654 "-" "PostmanRuntime/7.51.1"
::1 - - [19/Feb/2026:13:11:32 +0000] "PATCH /api/v1/auth/forget-password HTTP/1.1" 200 63 "-" "PostmanRuntime/7.51.1"
::1 - - [19/Feb/2026:13:12:06 +0000] "PATCH /api/v1/auth/reset-password HTTP/1.1" 200 51 "-" "PostmanRuntime/7.51.1"
::1 - - [19/Feb/2026:13:12:17 +0000] "POST /api/v1/auth/login HTTP/1.1" 200 654 "-" "PostmanRuntime/7.51.1"
::1 - - [19/Feb/2026:13:12:34 +0000] "POST /api/v1/auth/refresh-token HTTP/1.1" 200 655 "-" "PostmanRuntime/7.51.1"
::1 - - [19/Feb/2026:13:12:58 +0000] "POST /api/v1/auth/logout HTTP/1.1" 500 944 "-" "PostmanRuntime/7.51.1"
::1 - - [19/Feb/2026:13:13:08 +0000] "POST /api/v1/auth/logout HTTP/1.1" 500 944 "-" "PostmanRuntime/7.51.1"
::1 - - [19/Feb/2026:13:13:10 +0000] "POST /api/v1/auth/logout HTTP/1.1" 500 944 "-" "PostmanRuntime/7.51.1"
::1 - - [19/Feb/2026:13:13:34 +0000] "POST /api/v1/auth/logout HTTP/1.1" 200 52 "-" "PostmanRuntime/7.51.1"
::1 - - [19/Feb/2026:13:13:41 +0000] "POST /api/v1/auth/login HTTP/1.1" 200 654 "-" "PostmanRuntime/7.51.1"
::1 - - [19/Feb/2026:13:14:30 +0000] "POST /api/v1/auth/login HTTP/1.1" 200 654 "-" "PostmanRuntime/7.51.1"
