::1 - - [06/Jan/2026:13:38:50 +0000] "GET /api/v1/user HTTP/1.1" 200 1028 "-" "PostmanRuntime/7.51.0"
::1 - - [06/Jan/2026:13:40:06 +0000] "GET /api/v1/user HTTP/1.1" 200 1028 "-" "PostmanRuntime/7.51.0"
::1 - - [09/Jan/2026:18:34:44 +0000] "DELETE /api/v1/user/freeze-account HTTP/1.1" 400 1208 "-" "PostmanRuntime/7.51.0"
::1 - - [09/Jan/2026:18:46:17 +0000] "DELETE /api/v1/user/freeze-account HTTP/1.1" 400 1208 "-" "PostmanRuntime/7.51.0"
::1 - - [09/Jan/2026:18:46:40 +0000] "DELETE /api/v1/user/freeze-account HTTP/1.1" 400 1208 "-" "PostmanRuntime/7.51.0"
::1 - - [09/Jan/2026:18:50:18 +0000] "DELETE /api/v1/user/freeze-account HTTP/1.1" 400 1208 "-" "PostmanRuntime/7.51.0"
::1 - - [09/Jan/2026:18:50:58 +0000] "DELETE /api/v1/user/freeze-account HTTP/1.1" 400 1208 "-" "PostmanRuntime/7.51.0"
::1 - - [09/Jan/2026:18:50:59 +0000] "DELETE /api/v1/user/freeze-account HTTP/1.1" 400 1208 "-" "PostmanRuntime/7.51.0"
::1 - - [09/Jan/2026:18:53:37 +0000] "DELETE /api/v1/user/freeze-account HTTP/1.1" 400 1208 "-" "PostmanRuntime/7.51.0"
::1 - - [09/Jan/2026:18:59:54 +0000] "DELETE /api/v1/user/freeze-account HTTP/1.1" 400 1208 "-" "PostmanRuntime/7.51.0"
::1 - - [09/Jan/2026:18:59:59 +0000] "DELETE /api/v1/user/freeze-account HTTP/1.1" 400 1208 "-" "PostmanRuntime/7.51.0"
::1 - - [09/Jan/2026:19:00:10 +0000] "DELETE /api/v1/user/freeze-account HTTP/1.1" 400 1208 "-" "PostmanRuntime/7.51.0"
::1 - - [09/Jan/2026:19:01:12 +0000] "DELETE /api/v1/user/freeze-account HTTP/1.1" 400 1208 "-" "PostmanRuntime/7.51.0"
::1 - - [09/Jan/2026:19:03:14 +0000] "DELETE /api/v1/user/freeze-account HTTP/1.1" 400 1208 "-" "PostmanRuntime/7.51.0"
::1 - - [09/Jan/2026:19:08:27 +0000] "DELETE /api/v1/user/freeze-account HTTP/1.1" 500 1239 "-" "PostmanRuntime/7.51.0"
::1 - - [09/Jan/2026:19:10:43 +0000] "DELETE /api/v1/user/freeze-account HTTP/1.1" 400 192 "-" "PostmanRuntime/7.51.0"
::1 - - [09/Jan/2026:19:11:43 +0000] "DELETE /api/v1/user/freeze-account HTTP/1.1" 200 50 "-" "PostmanRuntime/7.51.0"
::1 - - [09/Jan/2026:19:27:48 +0000] "PATCH /api/v1/user/69581bf38c4cb923b2279a8f/restore-account HTTP/1.1" 200 52 "-" "PostmanRuntime/7.51.0"
::1 - - [09/Jan/2026:19:33:53 +0000] "PATCH /api/v1/user/69581bf38c4cb923b2279a8f/restore-account HTTP/1.1" 500 462 "-" "PostmanRuntime/7.51.0"
::1 - - [09/Jan/2026:19:36:22 +0000] "PATCH /api/v1/user/69581bf38c4cb923b2279a8f/restore-account HTTP/1.1" 200 52 "-" "PostmanRuntime/7.51.0"
::1 - - [09/Jan/2026:19:37:21 +0000] "PATCH /api/v1/user/69581bf38c4cb923b2279a8f/restore-account HTTP/1.1" 500 298 "-" "PostmanRuntime/7.51.0"
::1 - - [09/Jan/2026:19:37:34 +0000] "DELETE /api/v1/user/freeze-account HTTP/1.1" 200 50 "-" "PostmanRuntime/7.51.0"
::1 - - [09/Jan/2026:19:37:40 +0000] "PATCH /api/v1/user/69581bf38c4cb923b2279a8f/restore-account HTTP/1.1" 200 52 "-" "PostmanRuntime/7.51.0"
::1 - - [09/Jan/2026:19:38:29 +0000] "PATCH /api/v1/user/69581bf38c4cb923b2279a8f/restore-account HTTP/1.1" 500 298 "-" "PostmanRuntime/7.51.0"
::1 - - [09/Jan/2026:19:38:36 +0000] "DELETE /api/v1/user/freeze-account HTTP/1.1" 200 50 "-" "PostmanRuntime/7.51.0"
::1 - - [09/Jan/2026:19:38:41 +0000] "PATCH /api/v1/user/69581bf38c4cb923b2279a8f/restore-account HTTP/1.1" 200 52 "-" "PostmanRuntime/7.51.0"
::1 - - [18/Feb/2026:19:03:46 +0000] "GET /api/v1/user HTTP/1.1" 200 1025 "-" "PostmanRuntime/7.51.1"
::1 - - [18/Feb/2026:19:04:56 +0000] "PATCH /api/v1/user/update HTTP/1.1" 400 1326 "-" "PostmanRuntime/7.51.1"
::1 - - [18/Feb/2026:19:05:19 +0000] "PATCH /api/v1/user/update HTTP/1.1" 500 1108 "-" "PostmanRuntime/7.51.1"
::1 - - [18/Feb/2026:19:05:44 +0000] "DELETE /api/v1/user/freeze-account HTTP/1.1" 200 50 "-" "PostmanRuntime/7.51.1"
::1 - - [18/Feb/2026:19:05:59 +0000] "PATCH /api/v1/user/69581bf38c4cb923b2279a8f/restore-account HTTP/1.1" 500 309 "-" "PostmanRuntime/7.51.1"
::1 - - [18/Feb/2026:19:06:32 +0000] "PATCH /api/v1/user/69581bf38c4cb923b2279a8f/restore-account HTTP/1.1" 500 309 "-" "PostmanRuntime/7.51.1"
::1 - - [18/Feb/2026:19:07:28 +0000] "PATCH /api/v1/user/69581bf38c4cb923b2279a8f/restore-account HTTP/1.1" 500 309 "-" "PostmanRuntime/7.51.1"
::1 - - [18/Feb/2026:19:08:18 +0000] "PATCH /api/v1/user/restore-account HTTP/1.1" 404 44 "-" "PostmanRuntime/7.51.1"
::1 - - [18/Feb/2026:19:08:44 +0000] "PATCH /api/v1/user/restore-account HTTP/1.1" 400 192 "-" "PostmanRuntime/7.51.1"
::1 - - [18/Feb/2026:19:09:20 +0000] "PATCH /api/v1/user/6995ff615a8f4c3dd158b823/restore-account HTTP/1.1" 200 52 "-" "PostmanRuntime/7.51.1"
::1 - - [18/Feb/2026:19:29:21 +0000] "PATCH /api/v1/user/profile-image?authentication=Bearer%20eyJhbGciOiJIUzI1NiIsInR5cCI6IkpXVCJ9.eyJpZCI6IjY5OTVmZjYxNWE4ZjRjM2RkMTU4YjgyMyIsImVtYWlsIjoiajBobmthcmFtM3NlY0BnbWFpbC5jb20iLCJpYXQiOjE3NzE0NDI5NDksImV4cCI6MTc3MTQ0NjU0OSwianRpIjoiZGJiZDg3NzMtYmYxNi00NGMxLWJmYmUtNjIzMDAzODVlZDg4In0.bjlhDm7taVOByzysiWSIqk6kCzV3wWu3oAKTC8niuW0 HTTP/1.1" 500 860 "-" "PostmanRuntime/7.51.1"
::1 - - [18/Feb/2026:19:29:36 +0000] "PATCH /api/v1/user/profile-image?authentication=USER%20eyJhbGciOiJIUzI1NiIsInR5cCI6IkpXVCJ9.eyJpZCI6IjY5OTVmZjYxNWE4ZjRjM2RkMTU4YjgyMyIsImVtYWlsIjoiajBobmthcmFtM3NlY0BnbWFpbC5jb20iLCJpYXQiOjE3NzE0NDI5NDksImV4cCI6MTc3MTQ0NjU0OSwianRpIjoiZGJiZDg3NzMtYmYxNi00NGMxLWJmYmUtNjIzMDAzODVlZDg4In0.bjlhDm7taVOByzysiWSIqk6kCzV3wWu3oAKTC8niuW0 HTTP/1.1" 500 860 "-" "PostmanRuntime/7.51.1"
::1 - - [18/Feb/2026:19:30:28 +0000] "PATCH /api/v1/user/profile-image HTTP/1.1" 500 55 "-" "PostmanRuntime/7.51.1"
::1 - - [18/Feb/2026:19:31:07 +0000] "PATCH /api/v1/user/profile-image HTTP/1.1" 500 55 "-" "PostmanRuntime/7.51.1"
::1 - - [18/Feb/2026:19:31:44 +0000] "PATCH /api/v1/user/profile-image HTTP/1.1" 500 55 "-" "PostmanRuntime/7.51.1"
::1 - - [18/Feb/2026:19:33:47 +0000] "PATCH /api/v1/user/profile-image HTTP/1.1" 200 1199 "-" "PostmanRuntime/7.51.1"
::1 - - [18/Feb/2026:19:38:14 +0000] "PATCH /api/v1/user/profile-image HTTP/1.1" 200 223 "-" "PostmanRuntime/7.51.1"
::1 - - [18/Feb/2026:19:41:48 +0000] "PATCH /api/v1/user/cover-image HTTP/1.1" 500 944 "-" "PostmanRuntime/7.51.1"
::1 - - [18/Feb/2026:19:42:12 +0000] "PATCH /api/v1/user/cover-image HTTP/1.1" 400 1317 "-" "PostmanRuntime/7.51.1"
::1 - - [18/Feb/2026:19:42:24 +0000] "PATCH /api/v1/user/cover-image HTTP/1.1" 500 1277 "-" "PostmanRuntime/7.51.1"
::1 - - [18/Feb/2026:19:43:50 +0000] "PATCH /api/v1/user/cover-image HTTP/1.1" - - "-" "PostmanRuntime/7.51.1"
::1 - - [18/Feb/2026:19:44:47 +0000] "PATCH /api/v1/user/cover-image HTTP/1.1" - - "-" "PostmanRuntime/7.51.1"
::1 - - [18/Feb/2026:19:45:20 +0000] "PATCH /api/v1/user/cover-image HTTP/1.1" 500 83 "-" "PostmanRuntime/7.51.1"
::1 - - [18/Feb/2026:19:48:13 +0000] "PATCH /api/v1/user/cover-image HTTP/1.1" 500 83 "-" "PostmanRuntime/7.51.1"
::1 - - [18/Feb/2026:19:50:43 +0000] "PATCH /api/v1/user/cover-image HTTP/1.1" 500 83 "-" "PostmanRuntime/7.51.1"
::1 - - [18/Feb/2026:19:52:58 +0000] "PATCH /api/v1/user/profile-image HTTP/1.1" 200 223 "-" "PostmanRuntime/7.51.1"
::1 - - [18/Feb/2026:19:53:21 +0000] "PATCH /api/v1/user/cover-image HTTP/1.1" 500 83 "-" "PostmanRuntime/7.51.1"
::1 - - [18/Feb/2026:19:55:01 +0000] "PATCH /api/v1/user/profile-image HTTP/1.1" 200 223 "-" "PostmanRuntime/7.51.1"
::1 - - [18/Feb/2026:19:55:28 +0000] "PATCH /api/v1/user/cover-image HTTP/1.1" 400 1116 "-" "PostmanRuntime/7.51.1"
::1 - - [18/Feb/2026:19:55:43 +0000] "PATCH /api/v1/user/cover-image HTTP/1.1" 400 1116 "-" "PostmanRuntime/7.51.1"
::1 - - [18/Feb/2026:19:55:45 +0000] "PATCH /api/v1/user/cover-image HTTP/1.1" 400 1116 "-" "PostmanRuntime/7.51.1"
::1 - - [18/Feb/2026:19:55:47 +0000] "PATCH /api/v1/user/cover-image HTTP/1.1" 400 1116 "-" "PostmanRuntime/7.51.1"
::1 - - [18/Feb/2026:19:56:05 +0000] "PATCH /api/v1/user/cover-image HTTP/1.1" 400 1116 "-" "PostmanRuntime/7.51.1"
::1 - - [18/Feb/2026:19:57:01 +0000] "PATCH /api/v1/user/cover-image HTTP/1.1" 500 1277 "-" "PostmanRuntime/7.51.1"
::1 - - [18/Feb/2026:19:57:08 +0000] "PATCH /api/v1/user/cover-image HTTP/1.1" 400 1116 "-" "PostmanRuntime/7.51.1"
::1 - - [18/Feb/2026:20:11:10 +0000] "PATCH /api/v1/user/cover-image HTTP/1.1" 400 1116 "-" "PostmanRuntime/7.51.1"
::1 - - [18/Feb/2026:20:15:39 +0000] "PATCH /api/v1/user/cover-image HTTP/1.1" 500 1277 "-" "PostmanRuntime/7.51.1"
::1 - - [18/Feb/2026:20:16:47 +0000] "PATCH /api/v1/user/cover-image HTTP/1.1" - - "-" "PostmanRuntime/7.51.1"
::1 - - [18/Feb/2026:20:17:05 +0000] "PATCH /api/v1/user/cover-image HTTP/1.1" 500 83 "-" "PostmanRuntime/7.51.1"
::1 - - [18/Feb/2026:20:24:05 +0000] "PATCH /api/v1/user/cover-image HTTP/1.1" 500 83 "-" "PostmanRuntime/7.51.1"
::1 - - [18/Feb/2026:20:31:12 +0000] "PATCH /api/v1/user/profile-image HTTP/1.1" 500 848 "-" "PostmanRuntime/7.51.1"
::1 - - [18/Feb/2026:20:31:55 +0000] "PATCH /api/v1/user/profile-image HTTP/1.1" 200 223 "-" "PostmanRuntime/7.51.1"
::1 - - [18/Feb/2026:20:33:45 +0000] "PATCH /api/v1/user/cover-image HTTP/1.1" 500 83 "-" "PostmanRuntime/7.51.1"
::1 - - [18/Feb/2026:20:34:27 +0000] "PATCH /api/v1/user/cover-image HTTP/1.1" - - "-" "PostmanRuntime/7.51.1"
::1 - - [18/Feb/2026:20:35:50 +0000] "PATCH /api/v1/user/cover-image HTTP/1.1" 500 1832 "-" "PostmanRuntime/7.51.1"
::1 - - [18/Feb/2026:20:43:02 +0000] "PATCH /api/v1/user/cover-image HTTP/1.1" - - "-" "PostmanRuntime/7.51.1"
::1 - - [18/Feb/2026:20:43:38 +0000] "PATCH /api/v1/user/cover-image HTTP/1.1" 500 202 "-" "PostmanRuntime/7.51.1"
::1 - - [18/Feb/2026:20:45:58 +0000] "PATCH /api/v1/user/cover-image HTTP/1.1" 200 217 "-" "PostmanRuntime/7.51.1"
::1 - - [18/Feb/2026:20:46:45 +0000] "PATCH /api/v1/user/cover-image HTTP/1.1" 200 217 "-" "PostmanRuntime/7.51.1"
::1 - - [18/Feb/2026:20:49:10 +0000] "PATCH /api/v1/user/profile-image HTTP/1.1" 200 223 "-" "PostmanRuntime/7.51.1"
::1 - - [18/Feb/2026:20:49:53 +0000] "PATCH /api/v1/user/cover-image HTTP/1.1" 200 217 "-" "PostmanRuntime/7.51.1"
::1 - - [18/Feb/2026:20:50:28 +0000] "PATCH /api/v1/user/cover-image HTTP/1.1" 200 217 "-" "PostmanRuntime/7.51.1"
::1 - - [18/Feb/2026:20:52:44 +0000] "PATCH /api/v1/user/update HTTP/1.1" 500 1108 "-" "PostmanRuntime/7.51.1"
::1 - - [18/Feb/2026:20:53:05 +0000] "PATCH /api/v1/user/update HTTP/1.1" 500 1108 "-" "PostmanRuntime/7.51.1"
::1 - - [18/Feb/2026:20:57:44 +0000] "PATCH /api/v1/user/update HTTP/1.1" 500 1108 "-" "PostmanRuntime/7.51.1"
::1 - - [18/Feb/2026:21:00:42 +0000] "PATCH /api/v1/user/update HTTP/1.1" 200 1412 "-" "PostmanRuntime/7.51.1"
::1 - - [18/Feb/2026:21:01:15 +0000] "PATCH /api/v1/user/update HTTP/1.1" 200 1403 "-" "PostmanRuntime/7.51.1"
::1 - - [18/Feb/2026:21:01:26 +0000] "PATCH /api/v1/user/update HTTP/1.1" 200 1405 "-" "PostmanRuntime/7.51.1"
::1 - - [19/Feb/2026:13:14:00 +0000] "GET /api/v1/user HTTP/1.1" 200 1004 "-" "PostmanRuntime/7.51.1"
::1 - - [19/Feb/2026:13:14:23 +0000] "DELETE /api/v1/user/freeze-account HTTP/1.1" 401 430 "-" "PostmanRuntime/7.51.1"
::1 - - [19/Feb/2026:13:14:46 +0000] "DELETE /api/v1/user/freeze-account HTTP/1.1" 200 50 "-" "PostmanRuntime/7.51.1"
::1 - - [19/Feb/2026:13:15:24 +0000] "PATCH /api/v1/user/6995ff615a8f4c3dd158b823/restore-account HTTP/1.1" 500 309 "-" "PostmanRuntime/7.51.1"
::1 - - [19/Feb/2026:13:15:55 +0000] "PATCH /api/v1/user/69970bb2368d51a6a5398694/restore-account HTTP/1.1" 200 52 "-" "PostmanRuntime/7.51.1"
::1 - - [19/Feb/2026:13:16:11 +0000] "PATCH /api/v1/user/profile-image HTTP/1.1" 400 1319 "-" "PostmanRuntime/7.51.1"
::1 - - [19/Feb/2026:13:16:37 +0000] "PATCH /api/v1/user/profile-image HTTP/1.1" 200 223 "-" "PostmanRuntime/7.51.1"
::1 - - [19/Feb/2026:13:16:58 +0000] "PATCH /api/v1/user/cover-image HTTP/1.1" 400 1317 "-" "PostmanRuntime/7.51.1"
::1 - - [19/Feb/2026:13:18:35 +0000] "PATCH /api/v1/user/cover-image HTTP/1.1" 200 217 "-" "PostmanRuntime/7.51.1"
::1 - - [19/Feb/2026:13:18:52 +0000] "PATCH /api/v1/user/update HTTP/1.1" 200 1405 "-" "PostmanRuntime/7.51.1"
